[27-Jul-2018 16:33:23] NOTICE: fpm is running, pid 14685
[27-Jul-2018 16:33:23] NOTICE: ready to handle connections
